// Vitest Snapshot v1, https://vitest.dev/guide/snapshot.html

exports[`buildRaidOverview snapshot > matches the full recorded-fixture output 1`] = `
{
  "deathTimeline": [],
  "encounterName": "The Lurker Below",
  "fightDuration": 346111,
  "healerMetrics": [
    {
      "activityPercent": 98.4,
      "className": "Priest",
      "hps": 671,
      "name": "Izlaz",
      "overhealPercent": 38.3,
      "sourceId": 21,
      "spec": "Holy",
      "totalHealing": 232352,
    },
    {
      "activityPercent": 68.2,
      "className": "Shaman",
      "hps": 667,
      "name": "Zulakeyah",
      "overhealPercent": 35.6,
      "sourceId": 32,
      "spec": "Restoration",
      "totalHealing": 230867,
    },
    {
      "activityPercent": 75,
      "className": "Shaman",
      "hps": 620,
      "name": "Ricoshams",
      "overhealPercent": 30.6,
      "sourceId": 15,
      "spec": "Restoration",
      "totalHealing": 214661,
    },
    {
      "activityPercent": 83,
      "className": "Priest",
      "hps": 549,
      "name": "Warark",
      "overhealPercent": 46.3,
      "sourceId": 11,
      "spec": "Holy",
      "totalHealing": 190074,
    },
    {
      "activityPercent": 84.2,
      "className": "Shaman",
      "hps": 523,
      "name": "Bullka",
      "overhealPercent": 45.1,
      "sourceId": 22,
      "spec": "Restoration",
      "totalHealing": 181059,
    },
  ],
  "players": [
    {
      "activityPercent": 92.8,
      "avgItemLevel": 122,
      "avoidableDamage": 248148,
      "className": "Warrior",
      "consumables": {
        "flask": true,
        "food": true,
        "weaponEnhancement": false,
      },
      "deathDetails": [],
      "deaths": 0,
      "missingEnchants": 0,
      "name": "Thalaroka",
      "role": "Tank",
      "sourceId": 24,
      "spec": "Protection",
      "throughput": 299,
    },
    {
      "activityPercent": 98.4,
      "avgItemLevel": 116,
      "avoidableDamage": 29573,
      "className": "Priest",
      "consumables": {
        "flask": true,
        "food": true,
        "weaponEnhancement": true,
      },
      "deathDetails": [],
      "deaths": 0,
      "missingEnchants": 1,
      "name": "Izlaz",
      "role": "Healer",
      "sourceId": 21,
      "spec": "Holy",
      "throughput": 671,
    },
    {
      "activityPercent": 68.2,
      "avgItemLevel": 123,
      "avoidableDamage": 16678,
      "className": "Shaman",
      "consumables": {
        "flask": true,
        "food": true,
        "weaponEnhancement": true,
      },
      "deathDetails": [],
      "deaths": 0,
      "missingEnchants": 1,
      "name": "Zulakeyah",
      "role": "Healer",
      "sourceId": 32,
      "spec": "Restoration",
      "throughput": 667,
    },
    {
      "activityPercent": 75,
      "avgItemLevel": 119,
      "avoidableDamage": 16191,
      "className": "Shaman",
      "consumables": {
        "flask": true,
        "food": false,
        "weaponEnhancement": true,
      },
      "deathDetails": [],
      "deaths": 0,
      "missingEnchants": 1,
      "name": "Ricoshams",
      "role": "Healer",
      "sourceId": 15,
      "spec": "Restoration",
      "throughput": 620,
    },
    {
      "activityPercent": 83,
      "avgItemLevel": 118,
      "avoidableDamage": 21637,
      "className": "Priest",
      "consumables": {
        "flask": false,
        "food": true,
        "weaponEnhancement": true,
      },
      "deathDetails": [],
      "deaths": 0,
      "missingEnchants": 2,
      "name": "Warark",
      "role": "Healer",
      "sourceId": 11,
      "spec": "Holy",
      "throughput": 549,
    },
    {
      "activityPercent": 84.2,
      "avgItemLevel": 123,
      "avoidableDamage": 24825,
      "className": "Shaman",
      "consumables": {
        "flask": true,
        "food": true,
        "weaponEnhancement": true,
      },
      "deathDetails": [],
      "deaths": 0,
      "missingEnchants": 4,
      "name": "Bullka",
      "role": "Healer",
      "sourceId": 22,
      "spec": "Restoration",
      "throughput": 523,
    },
    {
      "activityPercent": 63.9,
      "avgItemLevel": 119,
      "avoidableDamage": 10329,
      "className": "Mage",
      "consumables": {
        "flask": false,
        "food": true,
        "weaponEnhancement": true,
      },
      "deathDetails": [],
      "deaths": 0,
      "missingEnchants": 1,
      "name": "Mageyoublush",
      "role": "Caster",
      "sourceId": 16,
      "spec": "Arcane",
      "throughput": 727,
    },
    {
      "activityPercent": 58.4,
      "avgItemLevel": 112,
      "avoidableDamage": 14427,
      "className": "Warlock",
      "consumables": {
        "flask": true,
        "food": false,
        "weaponEnhancement": true,
      },
      "deathDetails": [],
      "deaths": 0,
      "missingEnchants": 6,
      "name": "Papapooey",
      "role": "Caster",
      "sourceId": 35,
      "spec": "Destruction",
      "throughput": 679,
    },
    {
      "activityPercent": 61,
      "avgItemLevel": 119,
      "avoidableDamage": 18526,
      "className": "Warlock",
      "consumables": {
        "flask": true,
        "food": true,
        "weaponEnhancement": true,
      },
      "deathDetails": [],
      "deaths": 0,
      "missingEnchants": 3,
      "name": "Naalsuul",
      "role": "Caster",
      "sourceId": 19,
      "spec": "Destruction",
      "throughput": 646,
    },
    {
      "activityPercent": 64.8,
      "avgItemLevel": 117,
      "avoidableDamage": 14124,
      "className": "Mage",
      "consumables": {
        "flask": true,
        "food": true,
        "weaponEnhancement": true,
      },
      "deathDetails": [],
      "deaths": 0,
      "missingEnchants": 0,
      "name": "Andelena",
      "role": "Caster",
      "sourceId": 20,
      "spec": "Arcane",
      "throughput": 634,
    },
    {
      "activityPercent": 72,
      "avgItemLevel": 117,
      "avoidableDamage": 14236,
      "className": "Druid",
      "consumables": {
        "flask": true,
        "food": true,
        "weaponEnhancement": true,
      },
      "deathDetails": [],
      "deaths": 0,
      "missingEnchants": 2,
      "name": "Effinore",
      "role": "Caster",
      "sourceId": 5,
      "spec": "Balance",
      "throughput": 614,
    },
    {
      "activityPercent": 58.1,
      "avgItemLevel": 116,
      "avoidableDamage": 23699,
      "className": "Mage",
      "consumables": {
        "flask": false,
        "food": true,
        "weaponEnhancement": true,
      },
      "deathDetails": [],
      "deaths": 0,
      "missingEnchants": 1,
      "name": "Estrosmagus",
      "role": "Caster",
      "sourceId": 37,
      "spec": "Arcane",
      "throughput": 558,
    },
    {
      "activityPercent": 63,
      "avgItemLevel": 114,
      "avoidableDamage": 4000,
      "className": "Shaman",
      "consumables": {
        "flask": false,
        "food": true,
        "weaponEnhancement": true,
      },
      "deathDetails": [],
      "deaths": 0,
      "missingEnchants": 1,
      "name": "Threadonme",
      "role": "Caster",
      "sourceId": 23,
      "spec": "Elemental",
      "throughput": 501,
    },
    {
      "activityPercent": 56.5,
      "avgItemLevel": 111,
      "avoidableDamage": 50444,
      "className": "Priest",
      "consumables": {
        "flask": false,
        "food": true,
        "weaponEnhancement": true,
      },
      "deathDetails": [],
      "deaths": 0,
      "missingEnchants": 4,
      "name": "Lightstank",
      "role": "Caster",
      "sourceId": 33,
      "spec": "Shadow",
      "throughput": 428,
    },
    {
      "activityPercent": 92.2,
      "avgItemLevel": 114,
      "avoidableDamage": 59766,
      "className": "Warrior",
      "consumables": {
        "flask": true,
        "food": true,
        "weaponEnhancement": true,
      },
      "deathDetails": [],
      "deaths": 0,
      "missingEnchants": 0,
      "name": "Namja",
      "role": "Physical",
      "sourceId": 3,
      "spec": "Fury",
      "throughput": 899,
    },
    {
      "activityPercent": 68,
      "avgItemLevel": 115,
      "avoidableDamage": 12698,
      "className": "Hunter",
      "consumables": {
        "flask": true,
        "food": true,
        "weaponEnhancement": false,
      },
      "deathDetails": [],
      "deaths": 0,
      "missingEnchants": 2,
      "name": "Ninthstalker",
      "role": "Physical",
      "sourceId": 1,
      "spec": "BeastMastery",
      "throughput": 798,
    },
    {
      "activityPercent": 92.3,
      "avgItemLevel": 117,
      "avoidableDamage": 69367,
      "className": "Paladin",
      "consumables": {
        "flask": false,
        "food": true,
        "weaponEnhancement": true,
      },
      "deathDetails": [],
      "deaths": 0,
      "missingEnchants": 0,
      "name": "Nikè",
      "role": "Physical",
      "sourceId": 63,
      "spec": "Retribution",
      "throughput": 795,
    },
    {
      "activityPercent": 98.7,
      "avgItemLevel": 113,
      "avoidableDamage": 87167,
      "className": "Druid",
      "consumables": {
        "flask": true,
        "food": true,
        "weaponEnhancement": true,
      },
      "deathDetails": [],
      "deaths": 0,
      "missingEnchants": 0,
      "name": "Shimshakamoo",
      "role": "Physical",
      "sourceId": 4,
      "spec": "Feral",
      "throughput": 758,
    },
    {
      "activityPercent": 90.1,
      "avgItemLevel": 122,
      "avoidableDamage": 59580,
      "className": "Rogue",
      "consumables": {
        "flask": false,
        "food": true,
        "weaponEnhancement": true,
      },
      "deathDetails": [],
      "deaths": 0,
      "missingEnchants": 2,
      "name": "Bloodhoond",
      "role": "Physical",
      "sourceId": 9,
      "spec": "Combat",
      "throughput": 756,
    },
    {
      "activityPercent": 87.8,
      "avgItemLevel": 111,
      "avoidableDamage": 72449,
      "className": "Druid",
      "consumables": {
        "flask": true,
        "food": true,
        "weaponEnhancement": true,
      },
      "deathDetails": [],
      "deaths": 0,
      "missingEnchants": 1,
      "name": "Lacktoze",
      "role": "Physical",
      "sourceId": 8,
      "spec": "Feral",
      "throughput": 753,
    },
    {
      "activityPercent": 90.7,
      "avgItemLevel": 115,
      "avoidableDamage": 50984,
      "className": "Shaman",
      "consumables": {
        "flask": true,
        "food": true,
        "weaponEnhancement": true,
      },
      "deathDetails": [],
      "deaths": 0,
      "missingEnchants": 5,
      "name": "Icuqt",
      "role": "Physical",
      "sourceId": 18,
      "spec": "Enhancement",
      "throughput": 731,
    },
    {
      "activityPercent": 86,
      "avgItemLevel": 115,
      "avoidableDamage": 58397,
      "className": "Rogue",
      "consumables": {
        "flask": true,
        "food": true,
        "weaponEnhancement": true,
      },
      "deathDetails": [],
      "deaths": 0,
      "missingEnchants": 6,
      "name": "Evildew",
      "role": "Physical",
      "sourceId": 2,
      "spec": "Combat",
      "throughput": 671,
    },
    {
      "activityPercent": 59,
      "avgItemLevel": 120,
      "avoidableDamage": 16246,
      "className": "Hunter",
      "consumables": {
        "flask": false,
        "food": true,
        "weaponEnhancement": false,
      },
      "deathDetails": [],
      "deaths": 0,
      "missingEnchants": 3,
      "name": "Samkin",
      "role": "Physical",
      "sourceId": 12,
      "spec": "BeastMastery",
      "throughput": 439,
    },
    {
      "activityPercent": 87.9,
      "avgItemLevel": 107,
      "avoidableDamage": 67010,
      "className": "Warrior",
      "consumables": {
        "flask": false,
        "food": false,
        "weaponEnhancement": false,
      },
      "deathDetails": [],
      "deaths": 0,
      "missingEnchants": 6,
      "name": "Mâyhêm",
      "role": "Physical",
      "sourceId": 17,
      "spec": "Fury",
      "throughput": 337,
    },
    {
      "activityPercent": 83.7,
      "avgItemLevel": 119,
      "avoidableDamage": 60143,
      "className": "Paladin",
      "consumables": {
        "flask": false,
        "food": true,
        "weaponEnhancement": true,
      },
      "deathDetails": [],
      "deaths": 0,
      "missingEnchants": 0,
      "name": "Ileria",
      "role": "Physical",
      "sourceId": 7,
      "spec": "Justicar",
      "throughput": 137,
    },
  ],
  "raidBuffCoverage": [
    {
      "available": true,
      "buffName": "Mark of the Wild",
      "providedBy": "Druid",
      "providers": [
        "Shimshakamoo",
        "Effinore",
        "Lacktoze",
      ],
    },
    {
      "available": true,
      "buffName": "Power Word: Fortitude",
      "providedBy": "Priest",
      "providers": [
        "Warark",
        "Izlaz",
        "Lightstank",
      ],
    },
    {
      "available": true,
      "buffName": "Arcane Intellect",
      "providedBy": "Mage",
      "providers": [
        "Andelena",
        "Mageyoublush",
        "Estrosmagus",
      ],
    },
    {
      "available": true,
      "buffName": "Blessing of Kings",
      "providedBy": "Paladin",
      "providers": [
        "Ileria",
        "Nikè",
      ],
    },
    {
      "available": true,
      "buffName": "Blessing of Might",
      "providedBy": "Paladin",
      "providers": [
        "Ileria",
        "Nikè",
      ],
    },
    {
      "available": true,
      "buffName": "Battle Shout",
      "providedBy": "Warrior",
      "providers": [
        "Thalaroka",
        "Namja",
        "Mâyhêm",
      ],
    },
    {
      "available": true,
      "buffName": "Shadow Protection",
      "providedBy": "Priest",
      "providers": [
        "Warark",
        "Izlaz",
        "Lightstank",
      ],
    },
    {
      "available": true,
      "buffName": "Heroism / Bloodlust",
      "providedBy": "Shaman / Mage",
      "providers": [
        "Zulakeyah",
        "Ricoshams",
        "Bullka",
        "Icuqt",
        "Threadonme",
        "Andelena",
        "Mageyoublush",
        "Estrosmagus",
      ],
    },
  ],
}
`;
